[www.crazygames.com/game/capybara-clicker-2.html]
[backblue.gif]
[fade.gif]
[index.html]
[images.crazygames.com/favicons/manifest-icon-3edfb.jpg]
[images.crazygames.com/favicons/manifest-icon-32709.jpg]
[images.crazygames.com/favicons/manifest-icon-3fab2.jpg]
[images.crazygames.com/favicons/manifest-icon-3b86c.jpg]
[www.crazygames.com/game/capybara-clicker-2/manifest.json]
[images.crazygames.com/games/capybara-clicker-2/cover_16x9-1698042124693faad.jpg]
[cdn.iubenda.com/cs/iubenda_cs.js]
[www.crazygames.com/images/background2.jpg]
[builds.crazygames.com/portal/_next/static/chunks/polyfills-c67a75d1b6f99dc8.js]
[builds.crazygames.com/portal/_next/static/chunks/44325.10d90aa61b2abd7e.js]
[builds.crazygames.com/portal/_next/static/chunks/77782-2b16da77a045560c.js]
[builds.crazygames.com/portal/_next/static/chunks/10984-9693dc1adafac78c.js]
[builds.crazygames.com/portal/_next/static/chunks/84332.4332afc5ecdc1163.js]
[builds.crazygames.com/portal/_next/static/chunks/2164.7735ed219feff0e6.js]
[builds.crazygames.com/portal/_next/static/chunks/47477.337616972cf9d56d.js]
[builds.crazygames.com/portal/_next/static/chunks/50522-e473747e1c31ed93.js]
[builds.crazygames.com/portal/_next/static/chunks/9340.64b8d8b230ab38c1.js]
[builds.crazygames.com/portal/_next/static/chunks/40437.145f6db13669af19.js]
[builds.crazygames.com/portal/_next/static/chunks/36805.02a22a365d3922d0.js]
[builds.crazygames.com/portal/_next/static/chunks/64243.3d13682d3faca2a9.js]
[builds.crazygames.com/portal/_next/static/chunks/92977.f3dca4c700c1552f.js]
[builds.crazygames.com/portal/_next/static/chunks/24313.75b6327f6f600130.js]
[builds.crazygames.com/portal/_next/static/chunks/webpack-21729729a4eb0bf7.js]
[builds.crazygames.com/portal/_next/static/chunks/framework-75746eeb80cbf23f.js]
[builds.crazygames.com/portal/_next/static/chunks/main-034df3a3fa496ad0.js]
[builds.crazygames.com/portal/_next/static/chunks/pages/_app-0c4b6670528a3a04.js]
[builds.crazygames.com/portal/_next/static/chunks/7581-a446e50f9b3be151.js]
[builds.crazygames.com/portal/_next/static/chunks/56774-5e52b7ed6d34cb9f.js]
[builds.crazygames.com/portal/_next/static/chunks/99842-16c660d69d26ab50.js]
[builds.crazygames.com/portal/_next/static/chunks/1110-615019592c2d395e.js]
[builds.crazygames.com/portal/_next/static/chunks/pages/game-46b019de6f713fe1.js]
[builds.crazygames.com/portal/_next/static/1711366700/_buildManifest.js]
[builds.crazygames.com/portal/_next/static/1711366700/_ssgManifest.js]
[images.crazygames.com/crazygames/crosse45a.png]
[www.crazygames.com/game/capybara-clicker.html]
[images.crazygames.com/games/capybara-clicker/cover-1678290947532de3b.jpg]
[images.crazygames.com/cookieclickerc98a.jpg]
[images.crazygames.com/mazeplanet3dc98a.jpg]
[images.crazygames.com/dogeminerc98a.jpg]
[images.crazygames.com/paladogc98a.jpg]
[images.crazygames.com/fleeingthecomplexbc98a.jpg]
[images.crazygames.com/grindcraftc98a.jpg]
[www.crazygames.com/game/battle-button-clicker.html]
[www.crazygames.com/game/leek-factory-tycoon.html]
[www.crazygames.com/game/planet-evolution-idle-clicker.html]
[www.crazygames.com/game/click-click-clicker.html]
[www.crazygames.com/game/idle-house-build.html]
[images.crazygames.com/games/idle-house-build/cover_16x9-1707829326263de3b.jpg]
[www.crazygames.com/game/planet-clicker-2.html]
[www.crazygames.com/game/omega-layers.html]
[www.crazygames.com/game/revolution-idle-x-demo.html]
[www.crazygames.com/game/pet-clicker.html]
[www.crazygames.com/game/candy-clicker-2.html]
[www.crazygames.com/game/dualforce-idle.html]
[www.crazygames.com/game/mister-mine.html]
[www.crazygames.com/game/clock-clicker.html]
[www.crazygames.com/game/evolve.html]
[images.crazygames.com/games/evolve/cover-1605626847018de3b.jpg]
[www.crazygames.com/game/idle-inventor.html]
[www.crazygames.com/game/idle-farming-business.html]
[www.crazygames.com/game/idle-football-manager.html]
[images.crazygames.com/games/idle-football-manager/cover-1619542182788de3b.jpg]
[www.crazygames.com/game/commit-battery-2.html]
[www.crazygames.com/game/space-company.html]
[images.crazygames.com/games/space-company/cover-1627988451639de3b.jpg]
[www.crazygames.com/game/tiny-fishing.html]
[images.crazygames.com/games/tiny-fishing/cover_16x9-1707829871473de3b.jpg]
[www.crazygames.com/game/idle-printers-2.html]
[www.crazygames.com/game/more-ore.html]
[www.crazygames.com/game/gun-range-idle.html]
[www.crazygames.com/game/babel-tower.html]
[images.crazygames.com/games/babel-tower/cover_16x9-1707828985844de3b.jpg]
[www.crazygames.com/game/race-clicker-tap-tap-game.html]
[www.crazygames.com/game/my-chicken-farm.html]
[www.crazygames.com/game/mergemine-idle.html]
[www.crazygames.com/game/idle-dice.html]
[images.crazygames.com/idle-dicecde3b.jpg]
[www.crazygames.com/game/garden-idle.html]
[www.crazygames.com/game/quantum-god.html]
[www.crazygames.com/game/celldom.html]
[www.crazygames.com/game/planet-clicker.html]
[images.crazygames.com/games/planet-clicker/cover-1636710259992de3b.png]
[www.crazygames.com/game/cubes-2048-io.html]
[images.crazygames.com/games/cubes-2048-io/cover_16x9-1693298929425de3b.jpg]
[www.crazygames.com/game/idle-printers.html]
[www.crazygames.com/game/idle-reincarnator.html]
[www.crazygames.com/game/idle-idle-gamedev.html]
[images.crazygames.com/games/clicker-heroes/cover-1661788327769de3b.jpg]
[www.crazygames.com/game/clicker-heroes.html]
[www.crazygames.com/game/animal-dna-run.html]
[www.crazygames.com/game/idle-space-business-tycoon.html]
[www.crazygames.com/game/enchanted-heroes.html]
[images.crazygames.com/enchantedheroesde3b.jpg]
[www.crazygames.com/game/bloxdhop-io.html]
[images.crazygames.com/games/bloxdhop-io/cover_16x9-1709115453824de3b.jpg]
[www.crazygames.com/game/evohero---idle-gladiators.html]
[www.crazygames.com/game/idle-breakout.html]
[images.crazygames.com/games/idle-breakout/thumb-1553071737898de3b.jpg]
[www.crazygames.com/game/progress-knight.html]
[www.crazygames.com/game/tap-tap-shots.html]
[images.crazygames.com/games/tap-tap-shots/cover-1655202548222de3b.jpg]
[www.crazygames.com/game/merging-gears.html]
[www.crazygames.com/game/deadshot-io.html]
[images.crazygames.com/games/deadshot-io/cover_16x9-1694770506842de3b.jpg]
[www.crazygames.com/game/gem-refiner.html]
[www.crazygames.com/game/fruit-factory-idle.html]
[www.crazygames.com/game/poke-the-presidents.html]
[www.crazygames.com/game/bees-clicker.html]
[www.crazygames.com/game/smash-karts.html]
[www.crazygames.com/game/idle-research.html]
[images.crazygames.com/games/idle-research/cover-1660205761867de3b.jpg]
[www.crazygames.com/game/incremental-epic-hero-2.html]
[www.crazygames.com/game/falling-fruits.html]
[www.crazygames.com/game/ragdoll-archers.html]
[www.crazygames.com/game/merge-pin-idle-pinball.html]
[www.crazygames.com/game/buildnow-gg.html]
[www.crazygames.com/game/man-runner-2048.html]
[www.crazygames.com/game/moto-x3m.html]
[images.crazygames.com/games/moto-x3m/cover_16x9-1700625476572de3b.jpg]
[images.crazygames.com/games/basketball-stars-2019/cover-1583231506155de3b.jpg]
[www.crazygames.com/game/basketball-stars-2019.html]
[www.crazygames.com/game/drift-boss.html]
[images.crazygames.com/games/drift-boss/cover-1626884625264de3b.jpg]
[www.crazygames.com/game/bonkio.html]
[images.crazygames.com/games/bonkio/cover_16x9-1704706486991de3b.jpg]
[www.crazygames.com/game/capybara-clicker-2.html]
[www.crazygames.com/game/capybara-clicker/manifest.json]
[images.crazygames.com/games/capybara-clicker-2/cover_16x9-1698042124693de3b.jpg]
[images.crazygames.com/kungfufightbeatemupc98a.jpg]
[images.crazygames.com/store-logos/apple-store65ee.png]
[images.crazygames.com/store-logos/google-store-button65ee.png]
[www.crazygames.com/game/block-city-clicker.html]
[www.crazygames.com/game/crash-test-idle.html]
[www.crazygames.com/game/room-clicker.html]
[images.crazygames.com/games/room-clicker/cover-1660250604553de3b.jpg]
[www.crazygames.com/game/idle-molecules.html]
[www.crazygames.com/game/coinblock-clicker.html]
[www.crazygames.com/game/tower-defense-clash.html]
[images.crazygames.com/games/tower-defense-clash/coverundefined-1692788160217de3b.png]
[www.crazygames.com/game/shellshockersio.html]
[www.crazygames.com/game/capybara-clicker.html]
[www.crazygames.com/game/little-alchemy-2.html]
[www.crazygames.com/game/battle-button-clicker/manifest.json]
[images.crazygames.com/rubberdinghyc98a.jpg]
[images.crazygames.com/theenchantedcave2c98a.jpg]
[www.crazygames.com/game/launch-idle.html]
[www.crazygames.com/game/drift-hunters.html]
[images.crazygames.com/games/drift-hunters/cover-1656950639575de3b.jpg]
[www.crazygames.com/game/battle-button-clicker.html]
[www.crazygames.com/game/leek-factory-tycoon/manifest.json]
[images.crazygames.com/papasbakeriabc98a.jpg]
[images.crazygames.com/tags/top-down/thumb-1586460488288c98a.jpg]
[images.crazygames.com/iwanttobeabillionaire2c98a.jpg]
[images.crazygames.com/penguindiner2c98a.jpg]
[www.crazygames.com/game/universal-paperclips.html]
[images.crazygames.com/universalpaperclipsde3b.jpg]
[www.crazygames.com/game/fantasy-idle-tycoon.html]
[www.crazygames.com/game/king-s-landing---arcade-idle.html]
[www.crazygames.com/game/farm-merge-valley.html]
[www.crazygames.com/game/idle-it-company.html]
[www.crazygames.com/game/supply-chain-idle.html]
[images.crazygames.com/supplychainidlede3b.jpg]
[www.crazygames.com/game/idle-hypermart-empire.html]
[www.crazygames.com/game/ant-colony-new-war.html]
[images.crazygames.com/games/ant-colony-new-war/cover_16x9-1707828954281de3b.jpg]
[www.crazygames.com/game/matches.html]
[www.crazygames.com/game/glass-factory-2.html]
[www.crazygames.com/game/block-fuser.html]
[images.crazygames.com/games/block-fuser/cover-1643611806536de3b.jpg]
[www.crazygames.com/game/mom-s-diary-cooking-games.html]
[www.crazygames.com/game/empire-clicker.html]
[www.crazygames.com/game/idle-ants.html]
[images.crazygames.com/idleantsde3b.jpg]
[www.crazygames.com/game/stone-idle.html]
[www.crazygames.com/game/antimatter-dimensions.html]
[images.crazygames.com/antimatterdimensionsde3b.jpg]
[www.crazygames.com/game/my-flour-factory.html]
[www.crazygames.com/game/little-blacksmith-clicker.html]
[www.crazygames.com/game/maid-heroes-idle-rpg.html]
[www.crazygames.com/game/paper-io-2.html]
[www.crazygames.com/game/2048.html]
[images.crazygames.com/games/2048/cover_16x9-1707828856995de3b.jpg]
[www.crazygames.com/game/little-alchemy.html]
[images.crazygames.com/games/little-alchemy/cover-1655828649117de3b.jpg]
[www.crazygames.com/game/leek-factory-tycoon.html]
[www.crazygames.com/game/planet-evolution-idle-clicker/manifest.json]
[images.crazygames.com/run3bc98a.jpg]
[www.crazygames.com/game/painter-s-voyage-idle.html]
[www.crazygames.com/game/mine-loop.html]
[www.crazygames.com/game/military-capitalist.html]
[images.crazygames.com/militarycapitalistde3b.jpg]
[www.crazygames.com/game/planet-evolution-idle-clicker.html]
[www.crazygames.com/game/click-click-clicker/manifest.json]
[www.crazygames.com/game/doge-miner-2.html]
[images.crazygames.com/slitherioc98a.jpg]
[www.crazygames.com/game/fruit-clicker.html]
[www.crazygames.com/game/word-wipe.html]
[images.crazygames.com/games/word-wipe/cover_16x9-1707829913887de3b.jpg]
[www.crazygames.com/game/click-click-clicker.html]
[www.crazygames.com/game/idle-house-build/manifest.json]
[images.crazygames.com/games/idle-house-build/cover_16x9-1707829326263faad.jpg]
[www.crazygames.com/game/merge-pickaxe-2.html]
[images.crazygames.com/moomooioc98a.jpg]
[www.crazygames.com/game/idle-house-build.html]
[www.crazygames.com/game/planet-clicker-2/manifest.json]
[www.crazygames.com/game/warclicks.html]
[images.crazygames.com/warclicksede3b.jpg]
[www.crazygames.com/game/planet-clicker-2.html]
[www.crazygames.com/game/agario.html]
[www.crazygames.com/game/omega-layers/manifest.json]
[images.crazygames.com/monsterbreederc98a.jpg]
[www.crazygames.com/game/your-chronicle.html]
[www.crazygames.com/game/basketbros.html]
[images.crazygames.com/games/basketbros/cover-1586360611838de3b.jpg]
[www.crazygames.com/game/omega-layers.html]
[www.crazygames.com/game/revolution-idle-x-demo.html]
[www.crazygames.com/game/revolution-idle-x-demo/manifest.json]
[www.crazygames.com/game/pet-clicker/manifest.json]
[images.crazygames.com/tags/cute/thumb-1640027741478c98a.jpg]
[images.crazygames.com/games/doge-miner-2/cover-1593443163888de3b.jpg]
[www.crazygames.com/game/pet-clicker.html]
[www.crazygames.com/game/maxwell-clicker.html]
[www.crazygames.com/game/candy-clicker-2/manifest.json]
[www.crazygames.com/game/lhama-clicker.html]
[www.crazygames.com/game/candy-clicker.html]
[images.crazygames.com/games/candy-clicker/cover-1625755118464de3b.jpg]
[images.crazygames.com/pokemontowerdefense2c98a.jpg]
[images.crazygames.com/tags/candy/thumb-1616665020280c98a.jpg]
[images.crazygames.com/wormisc98a.jpg]
[www.crazygames.com/game/candy-clicker-2.html]
[www.crazygames.com/game/dualforce-idle/manifest.json]
[images.crazygames.com/maskedforces2demonsrisingc98a.jpg]
[images.crazygames.com/strikeforcekittyleaguebc98a.jpg]
[www.crazygames.com/game/tower-defense.html]
[www.crazygames.com/game/tower-swap.html]
[www.crazygames.com/game/defender-idle-2.html]
[www.crazygames.com/game/aod---art-of-defense.html]
[www.crazygames.com/game/merge-cannon-chicken-defense.html]
[images.crazygames.com/games/merge-cannon-chicken-defense/cover_16x9-1707829406084de3b.jpg]
[www.crazygames.com/game/endless-siege.html]
[images.crazygames.com/games/endless-siege/cover-1616585352806de3b.jpg]
[www.crazygames.com/game/nature-strikes-back.html]
[www.crazygames.com/game/day-d-tower-rush.html]
[images.crazygames.com/games/day-d-tower-rush/cover-1663365075165de3b.jpg]
[www.crazygames.com/game/clash-of-skulls.html]
[www.crazygames.com/game/cursed-treasure-level-pack.html]
[images.crazygames.com/games/cursed-treasure-level-pack/cover-1588758678205de3b.jpg]
[www.crazygames.com/game/cursed-treasure-2.html]
[www.crazygames.com/game/little-idle-monsters.html]
[www.crazygames.com/game/a-slime-hut.html]
[www.crazygames.com/game/cursed-treasure-11-2.html]
[www.crazygames.com/game/cursed-treasure.html]
[www.crazygames.com/game/incremental-epic-hero.html]
[images.crazygames.com/games/incremental-epic-hero/cover-1614767386141de3b.jpg]
[www.crazygames.com/game/dualforce-idle.html]
[www.crazygames.com/game/mister-mine/manifest.json]
[www.crazygames.com/game/idle-mining-empire.html]
[www.crazygames.com/game/mr-mine-escape.html]
[images.crazygames.com/foxsimulator3dc98a.jpg]
[images.crazygames.com/mineblocksc98a.jpg]
[images.crazygames.com/pickcrafterbc98a.jpg]
[images.crazygames.com/store-logos/steam-button65ee.png]
[www.crazygames.com/game/time-to-mine---idle-tycoon.html]
[www.crazygames.com/game/haste-miner-2.html]
[images.crazygames.com/games/haste-miner-2/cover-1661273361008de3b.jpg]
[images.crazygames.com/games/idle-mining-empire/cover-1630429766619de3b.jpg]
[www.crazygames.com/game/idle-mine-remix.html]
[www.crazygames.com/game/mining-in-notebook.html]
[www.crazygames.com/game/deep-miners-idle-2.html]
[www.crazygames.com/game/haste-miner-3-eternamine.html]
[www.crazygames.com/game/haste-miner.html]
[www.crazygames.com/game/teacher-simulator.html]
[www.crazygames.com/game/block-clicker.html]
[www.crazygames.com/game/mine-to-the-last.html]
[www.crazygames.com/game/internet-gaming-cafe-simulator.html]
[www.crazygames.com/game/getting-over-it.html]
[images.crazygames.com/games/getting-over-it/cover-1655200712094de3b.jpg]
[www.crazygames.com/game/mister-mine.html]
[www.crazygames.com/game/clock-clicker.html]
[www.crazygames.com/game/clock-clicker/manifest.json]
[www.crazygames.com/game/evolve/manifest.json]
[images.crazygames.com/games/evolve/cover-1605626847018faad.jpg]
[www.crazygames.com/game/magic-chop-idle.html]
[www.crazygames.com/game/greedy-dwarves.html]
[www.crazygames.com/game/m13n-miniaturization.html]
[images.crazygames.com/m13nminiaturizationde3b.jpg]
[www.crazygames.com/game/clickpocalypse-2.html]
[images.crazygames.com/clickpocalypse2de3b.jpg]
[www.crazygames.com/game/evolve.html]
[www.crazygames.com/game/idle-inventor/manifest.json]
[www.crazygames.com/game/idle-inventor.html]
[www.crazygames.com/game/lunar-atoms-tycoon.html]
[www.crazygames.com/game/idle-farming-business/manifest.json]
[images.crazygames.com/goldenacresc98a.jpg]
[www.crazygames.com/game/loop-farmer-idle.html]
[www.crazygames.com/game/mergest-kingdom.html]
[images.crazygames.com/games/mergest-kingdom/cover_16x9-1707295133189de3b.jpg]
[www.crazygames.com/game/idle-mobs-farm.html]
[www.crazygames.com/game/beekeeping-company.html]
[www.crazygames.com/game/tropical-merge.html]
[www.crazygames.com/game/my-sugar-factory-2.html]
[www.crazygames.com/game/my-sugar-factory.html]
[www.crazygames.com/game/idle-farming-business.html]
[www.crazygames.com/game/merge-bistro.html]
[www.crazygames.com/game/idle-football-manager/manifest.json]
[images.crazygames.com/games/idle-football-manager/cover-1619542182788faad.jpg]
[images.crazygames.com/soccerlegends2016bc98a.jpg]
[www.crazygames.com/game/soccer-legends-2021.html]
[images.crazygames.com/games/soccer-legends-2021/cover-1619606990485de3b.jpg]
[www.crazygames.com/game/soccer-random.html]
[www.crazygames.com/game/free-kick-classic.html]
[www.crazygames.com/game/penalty-shooters-2.html]
[www.crazygames.com/game/club-manager-2019.html]
[images.crazygames.com/games/club-manager-2019/thumb-1551218602642de3b.jpg]
[www.crazygames.com/game/soccer-dash.html]
[www.crazygames.com/game/soccer-bros.html]
[www.crazygames.com/game/pill-soccer.html]
[www.crazygames.com/game/idle-football-manager.html]
[www.crazygames.com/game/penalty-shooters-3.html]
[www.crazygames.com/game/commit-battery-2/manifest.json]
[www.crazygames.com/game/commit-battery.html]
[www.crazygames.com/game/commit-battery-2.html]
[www.crazygames.com/game/diepio.html]
[www.crazygames.com/game/space-company/manifest.json]
[images.crazygames.com/games/space-company/cover-1627988451639faad.jpg]
[www.crazygames.com/game/space-company.html]
[www.crazygames.com/game/tiny-fishing/manifest.json]
[images.crazygames.com/tags/casual/thumb-1640027279600c98a.jpg]
[images.crazygames.com/radicalfishingc98a.jpg]
[images.crazygames.com/tags/easy/thumb-1658240480220c98a.jpg]
[www.crazygames.com/game/fisherman-life.html]
[www.crazygames.com/game/helix-jump.html]
[www.crazygames.com/game/mahjongg-solitaire.html]
[images.crazygames.com/games/mahjongg-solitaire/cover_16x9-1707829450935de3b.jpg]
[www.crazygames.com/game/mini-golf-club.html]
[www.crazygames.com/game/merge-racers.html]
[www.crazygames.com/game/8-ball-billiards-classic.html]
[www.crazygames.com/game/evowarsio.html]
[www.crazygames.com/game/table-tennis-world-tour.html]
[www.crazygames.com/game/words-of-wonders.html]
[www.crazygames.com/game/geometry-dash-online.html]
[images.crazygames.com/games/geometry-dash-online/cover-1636972730705de3b.jpg]
[www.crazygames.com/game/tiny-fishing.html]
[www.crazygames.com/game/idle-printers-2.html]
[www.crazygames.com/game/idle-printers-2/manifest.json]
[www.crazygames.com/game/more-ore/manifest.json]
[images.crazygames.com/goodgameempirebc98a.jpg]
[www.crazygames.com/game/milky-way-idle.html]
[www.crazygames.com/game/deep-miners-idle.html]
[www.crazygames.com/game/idle-superpowers.html]
[www.crazygames.com/game/more-ore.html]
[www.crazygames.com/game/risehero.html]
[www.crazygames.com/game/gun-range-idle/manifest.json]
[images.crazygames.com/pixelgunapocalypse6c98a.jpg]
[www.crazygames.com/game/time-shooter-2.html]
[images.crazygames.com/games/time-shooter-2/cover-1655215853507de3b.jpg]
[www.crazygames.com/game/idle-bouncy-ball.html]
[www.crazygames.com/game/gun-range-idle.html]
[www.crazygames.com/game/eggy-car.html]
[www.crazygames.com/game/babel-tower/manifest.json]
[images.crazygames.com/games/babel-tower/cover_16x9-1707828985844faad.jpg]
[images.crazygames.com/tags/1-player/thumb-1559373402972c98a.png]
[www.crazygames.com/game/babel-tower.html]
[www.crazygames.com/game/race-clicker-tap-tap-game/manifest.json]
[www.crazygames.com/game/race-clicker.html]
[images.crazygames.com/runningfredbc98a.jpg]
[images.crazygames.com/crazystuntcars2c98a.jpg]
[images.crazygames.com/zombiederbyc98a.jpg]
[www.crazygames.com/game/race-clicker-tap-tap-game.html]
[www.crazygames.com/game/my-chicken-farm.html]
[www.crazygames.com/game/mergemine-idle.html]
[www.crazygames.com/game/idle-dice.html]
[www.crazygames.com/game/garden-idle.html]
[www.crazygames.com/game/quantum-god.html]
[www.crazygames.com/game/celldom.html]
[www.crazygames.com/game/planet-clicker.html]
[www.crazygames.com/game/cubes-2048-io.html]
[www.crazygames.com/game/idle-printers.html]
[www.crazygames.com/game/idle-reincarnator.html]
[www.crazygames.com/game/idle-idle-gamedev.html]
[www.crazygames.com/game/clicker-heroes.html]
[www.crazygames.com/game/animal-dna-run.html]
[www.crazygames.com/game/idle-space-business-tycoon.html]
[www.crazygames.com/game/enchanted-heroes.html]
[www.crazygames.com/game/bloxdhop-io.html]
[www.crazygames.com/game/evohero---idle-gladiators.html]
[www.crazygames.com/game/idle-breakout.html]
[www.crazygames.com/game/progress-knight.html]
[www.crazygames.com/game/tap-tap-shots.html]
[www.crazygames.com/game/merging-gears.html]
[www.crazygames.com/game/deadshot-io.html]
[www.crazygames.com/game/gem-refiner.html]
[www.crazygames.com/game/fruit-factory-idle.html]
[www.crazygames.com/game/poke-the-presidents.html]
[www.crazygames.com/game/bees-clicker.html]
[www.crazygames.com/game/smash-karts.html]
[www.crazygames.com/game/idle-research.html]
[www.crazygames.com/game/incremental-epic-hero-2.html]
[www.crazygames.com/game/falling-fruits.html]
[www.crazygames.com/game/ragdoll-archers.html]
[www.crazygames.com/game/merge-pin-idle-pinball.html]
[www.crazygames.com/game/buildnow-gg.html]
[www.crazygames.com/game/man-runner-2048.html]
[www.crazygames.com/game/moto-x3m.html]
[www.crazygames.com/game/basketball-stars-2019.html]
[www.crazygames.com/game/drift-boss.html]
[www.crazygames.com/game/bonkio.html]
[www.crazygames.com/game/block-city-clicker.html]
[www.crazygames.com/game/crash-test-idle.html]
[www.crazygames.com/game/room-clicker.html]
[www.crazygames.com/game/idle-molecules.html]
[www.crazygames.com/game/coinblock-clicker.html]
[www.crazygames.com/game/tower-defense-clash.html]
[www.crazygames.com/game/shellshockersio.html]
[www.crazygames.com/game/little-alchemy-2.html]
[www.crazygames.com/game/launch-idle.html]
[www.crazygames.com/game/drift-hunters.html]
[www.crazygames.com/game/universal-paperclips.html]
[www.crazygames.com/game/fantasy-idle-tycoon.html]
[www.crazygames.com/game/king-s-landing---arcade-idle.html]
[www.crazygames.com/game/farm-merge-valley.html]
[www.crazygames.com/game/idle-it-company.html]
[www.crazygames.com/game/supply-chain-idle.html]
[www.crazygames.com/game/idle-hypermart-empire.html]
[www.crazygames.com/game/ant-colony-new-war.html]
[www.crazygames.com/game/matches.html]
[www.crazygames.com/game/glass-factory-2.html]
[www.crazygames.com/game/block-fuser.html]
[www.crazygames.com/game/mom-s-diary-cooking-games.html]
[www.crazygames.com/game/empire-clicker.html]
[www.crazygames.com/game/idle-ants.html]
[www.crazygames.com/game/stone-idle.html]
[www.crazygames.com/game/antimatter-dimensions.html]
[www.crazygames.com/game/my-flour-factory.html]
[www.crazygames.com/game/little-blacksmith-clicker.html]
[www.crazygames.com/game/maid-heroes-idle-rpg.html]
[www.crazygames.com/game/paper-io-2.html]
[www.crazygames.com/game/2048.html]
[www.crazygames.com/game/little-alchemy.html]
[www.crazygames.com/game/painter-s-voyage-idle.html]
[www.crazygames.com/game/mine-loop.html]
[www.crazygames.com/game/military-capitalist.html]
[www.crazygames.com/game/doge-miner-2.html]
[www.crazygames.com/game/fruit-clicker.html]
[www.crazygames.com/game/word-wipe.html]
[www.crazygames.com/game/merge-pickaxe-2.html]
[www.crazygames.com/game/warclicks.html]
[www.crazygames.com/game/agario.html]
[www.crazygames.com/game/your-chronicle.html]
[www.crazygames.com/game/basketbros.html]
[www.crazygames.com/game/maxwell-clicker.html]
[www.crazygames.com/game/lhama-clicker.html]
[www.crazygames.com/game/candy-clicker.html]
[www.crazygames.com/game/tower-defense.html]
[www.crazygames.com/game/tower-swap.html]
[www.crazygames.com/game/defender-idle-2.html]
[www.crazygames.com/game/aod---art-of-defense.html]
[www.crazygames.com/game/merge-cannon-chicken-defense.html]
[www.crazygames.com/game/endless-siege.html]
[www.crazygames.com/game/nature-strikes-back.html]
[www.crazygames.com/game/day-d-tower-rush.html]
[www.crazygames.com/game/clash-of-skulls.html]
[www.crazygames.com/game/cursed-treasure-level-pack.html]
[www.crazygames.com/game/cursed-treasure-2.html]
[www.crazygames.com/game/little-idle-monsters.html]
[www.crazygames.com/game/a-slime-hut.html]
[www.crazygames.com/game/cursed-treasure-11-2.html]
[www.crazygames.com/game/cursed-treasure.html]
[www.crazygames.com/game/incremental-epic-hero.html]
[www.crazygames.com/game/idle-mining-empire.html]
[www.crazygames.com/game/mr-mine-escape.html]
[www.crazygames.com/game/time-to-mine---idle-tycoon.html]
[www.crazygames.com/game/haste-miner-2.html]
[www.crazygames.com/game/idle-mine-remix.html]
[www.crazygames.com/game/mining-in-notebook.html]
[www.crazygames.com/game/deep-miners-idle-2.html]
[www.crazygames.com/game/haste-miner-3-eternamine.html]
[www.crazygames.com/game/haste-miner.html]
[www.crazygames.com/game/teacher-simulator.html]
[www.crazygames.com/game/block-clicker.html]
[www.crazygames.com/game/mine-to-the-last.html]
[www.crazygames.com/game/internet-gaming-cafe-simulator.html]
[www.crazygames.com/game/getting-over-it.html]
[www.crazygames.com/game/magic-chop-idle.html]
[www.crazygames.com/game/greedy-dwarves.html]
[www.crazygames.com/game/m13n-miniaturization.html]
[www.crazygames.com/game/clickpocalypse-2.html]
[www.crazygames.com/game/lunar-atoms-tycoon.html]
[www.crazygames.com/game/loop-farmer-idle.html]
[www.crazygames.com/game/mergest-kingdom.html]
[www.crazygames.com/game/idle-mobs-farm.html]
[www.crazygames.com/game/beekeeping-company.html]
[www.crazygames.com/game/tropical-merge.html]
[www.crazygames.com/game/my-sugar-factory-2.html]
[www.crazygames.com/game/my-sugar-factory.html]
[www.crazygames.com/game/merge-bistro.html]
[www.crazygames.com/game/soccer-legends-2021.html]
[www.crazygames.com/game/soccer-random.html]
[www.crazygames.com/game/free-kick-classic.html]
[www.crazygames.com/game/penalty-shooters-2.html]
[www.crazygames.com/game/club-manager-2019.html]
[www.crazygames.com/game/soccer-dash.html]
[www.crazygames.com/game/soccer-bros.html]
[www.crazygames.com/game/pill-soccer.html]
[www.crazygames.com/game/penalty-shooters-3.html]
[www.crazygames.com/game/commit-battery.html]
[www.crazygames.com/game/diepio.html]
[www.crazygames.com/game/fisherman-life.html]
[www.crazygames.com/game/helix-jump.html]
[www.crazygames.com/game/mahjongg-solitaire.html]
[www.crazygames.com/game/mini-golf-club.html]
[www.crazygames.com/game/merge-racers.html]
[www.crazygames.com/game/8-ball-billiards-classic.html]
[www.crazygames.com/game/evowarsio.html]
[www.crazygames.com/game/table-tennis-world-tour.html]
[www.crazygames.com/game/words-of-wonders.html]
[www.crazygames.com/game/geometry-dash-online.html]
[www.crazygames.com/game/milky-way-idle.html]
[www.crazygames.com/game/deep-miners-idle.html]
[www.crazygames.com/game/idle-superpowers.html]
[www.crazygames.com/game/risehero.html]
[www.crazygames.com/game/time-shooter-2.html]
[www.crazygames.com/game/idle-bouncy-ball.html]
[www.crazygames.com/game/eggy-car.html]
[www.crazygames.com/game/race-clicker.html]
[www.crazygames.com/game/muscle-shift.html]
[www.crazygames.com/game/muscle-shift.html]
